// Jest Snapshot v1, https://goo.gl/fbAQLP

exports[`should render Header correctly 1`] = `
<nav
  className="navbar navbar-dark bg-primary"
>
  <div
    className="container"
  >
    <span
      className="navbar-brand mb-0 h1"
    >
      Blog
    </span>
    <button
      className="btn btn-outline-light my-2 my-sm-0"
      onClick={[Function]}
    >
      Logout
    </button>
  </div>
</nav>
`;
