// Jest Snapshot v1, https://goo.gl/fbAQLP

exports[`should correctly render LoginPage 1`] = `
<div
  className="box-layout"
>
  <div
    className="container"
  >
    <div
      className="row justify-content-center"
    >
      <div
        className="col-12 col-sm-10 col-md-6 col-lg-3"
      >
        <div
          className="card"
        >
          <div
            className="card-body text-center"
          >
            <h1>
              Boilerplate
            </h1>
            <p>
              Tag line for app.
            </p>
            <button
              className="btn btn-primary"
            >
              Login with Google
            </button>
          </div>
        </div>
      </div>
    </div>
  </div>
</div>
`;
